Error: SEMANTIC:  UNDEFINED SYMBOL
***** Symbol Table Contents *****
N: int C: TYPE T: null
N: void C: TYPE T: null
N: short C: TYPE T: null
N: newType C: TYPE T: short
N: newType2 C: CONST T: short V: 10
N: newType C: VAR T: newType
