***** Symbol Table Contents *****
N: int C: TYPE T: null
N: void C: TYPE T: null
N: short C: TYPE T: null
N: const1 C: CONST T: short V: 11
N: sym1 C: PROCEDURE T: void
N: MAIN C: PROCEDURE T: void
