***** Symbol Table Contents *****
N: int C: TYPE T: null
N: void C: TYPE T: null
N: short C: TYPE T: null
N: MAIN C: PROCEDURE T: void
