Error: SYNTAX: ident
***** Symbol Table Contents *****
N: int C: TYPE T: null
N: void C: TYPE T: null
N: short C: TYPE T: null
N: newType C: TYPE T: short
N: newType C: VAR T: newType
N: newType C: PROCEDURE T: void
-->N: a C: VAR T: int
-->N: b C: VAR T: short
-->N: c C: VAR T: newType
