Error: SEMANTIC: REDEFINED SYMBOL
***** Symbol Table Contents *****
N: int C: TYPE T: null
N: void C: TYPE T: null
N: short C: TYPE T: null
N: proc C: PROCEDURE T: void
-->N: a C: VAR T: int
-->N: b C: VAR T: int
