Error: SEMANTIC: REDEFINED SYMBOL
***** Symbol Table Contents *****
N: int C: TYPE T: null
N: void C: TYPE T: null
N: short C: TYPE T: null
N: sym1 C: PROCEDURE T: void
