***** Symbol Table Contents *****
N: int C: TYPE T: null
N: void C: TYPE T: null
N: short C: TYPE T: null
N: newType C: TYPE T: int
N: sym1 C: PROCEDURE T: void
N: MAIN C: PROCEDURE T: void
