 CONST  ident  =  number  ;  VOID  ident  (  )  {  VAR  ident  :  INT  ;  VOID  ident  (  )  {  VAR  ident  :  INT  ;  TYPE  ident  =  ident  ;  INT  ident  (  )  {  RETURN  ident  ;  }  INT  ident  (  )  {  RETURN  :  :  ident  (  )  +  ident  ;  }  ident  =  :  :  ident  (  )  +  :  :  ident  (  )  ;  }  VOID  ident  (  )  {  INT  ident  (  )  {  RETURN  ident  ;  }  }  }  MAIN  (  )  {  :  :  ident  (  )  ;  }  <EOT> 