 VOID  ident  (  )  {  GET  (  ident  [  number  ]  ,  ident  [  number  ]  )  ;  }  MAIN  (  )  {  }  <EOT> 