 MAIN  (  )  {  TYPE  ident  =  SHORT  ;  VAR  ident  ,  ident  :  ident  ;  CONST  ident  =  number  ;  CONST  ident  =  number  ;  ident  =  number  ;  ident  =  number  ;  WHILE  (  ident  !=  number  )  {  ident  =  ident  +  number  ;  ident  =  (  ident  *  ident  )  /  number  ;  }  IF  (  ident  >  number  )  {  PRINT  number  ,  number  ,  number  ,  number  ;  }  }  <EOT>
