 MAIN  (  )  {  IF  (  ident  [  number  ]  <  number  ident  )  {  PRINT  (  ident  )  ;  }  }  <EOT> 