 MAIN  (  )  {  PRINT  (  ident  ,  ident  )  ;  }  <EOT> 