 MAIN  (  )  {  PRINT  (  (  ident  *  number  )  )  ;  }  <EOT> 