Error: SEMANTIC: ARITY ERROR
***** Symbol Table Contents *****
N: int C: TYPE T: null
N: void C: TYPE T: null
N: short C: TYPE T: null
N: t1 C: TYPE T: int D: 10
N: proc C: PROCEDURE T: int
N: MAIN C: PROCEDURE T: void
-->N: a C: VAR T: t1
-->N: c C: CONST T: short V: 11
