program
   procedureDeclarations
      retType
      statementSequence
         statement
            assignment
               designator
               expression
                  term
                     factor
   statementSequence
      statement
         assignment
            designator
            expression
               term
                  factor
