program
   statementSequence
      statement
         output
            parameters
               designator
               designator
