program
   declarations
      newType
Error: VOID
