program
   declarations
      newType
         type
   statementSequence
      statement
         assignment
            designator
Error: +
