program
   declarations
      newType
         type
   statementSequence
      statement
         ifStatement
            condition
               expression
                  term
                     factor
                        designator
Error: =
