program
   declarations
      newType
Error: ARRAY
