program
   statementSequence
      statement
         assignment
            designator
            expression
               term
                  factor
                     designator
               term
                  factor
                     designator
                  factor
                     procedureCall
