program
   statementSequence
      statement
         output
Error: (
