program
   declarations
      newType
         type
   procedureDeclarations
      retType
      procedureFormalParams
         type
         type
      statementSequence
         statement
            assignment
               designator
               expression
                  term
                     factor
                        designator
                  term
                     factor
   statementSequence
      statement
         input
            parameters
               designator
               designator
      statement
         ifStatement
            condition
               expression
                  term
                     factor
                        designator
               expression
                  term
                     factor
                        designator
            statementSequence
               statement
                  whileStatement
                     condition
                        expression
                           term
                              factor
                                 designator
                        expression
                           term
                              factor
                                 designator
                     statementSequence
                        statement
                           procedureStatement
                              procedureCall
                                 parameters
                                    designator
                                    designator
            statementSequence
               statement
                  procedureStatement
                     procedureCall
Error: ident
