 ident  number  :  ident  ;  ident  ident  number  ident  OF  ident  ident  ident  ident  ident  OF  ident  ,  ident  ;  ident  OF  ident  ;  ident  ident  ident  ident  ;  ident  ;  ident  ;  ident  ;  ident  ident  ;  ident  ident  ident  ident  ident  ident  ident  ident  ident  ,  ident  ident  ,  ident  ident  ident  ident  ident  ident  ident  ;  ident  ident  ident  ident  ident  ident  ;  ident  ident  (  ident  ident  ident  ident  )  ident  ident  ident  ident  ident  ident  ident  ident  ;  ident  ;  ident  ident  ident  ident  ident  ident  ident  ident  ,  ident  ident  ;  ident  ident  ident  ident  ident  ident  ident  OF  ident  ,  ident  ident  ident  ident  <EOT>