 VOID  ident  (  )  {  PRINT  (  ident  [  number  +  number  ]  ,  ident  [  ident  *  number  ]  )  ;  }  <EOT> 