 MAIN  (  )  {  IF  (  ident  <=  number  )  {  ident  =  ident  +  number  ;  }  }  <EOT> 