 TYPE  ident  =  ARRAY  number  OF  VOID  ;  MAIN  (  )  {  }  <EOT> 