 MAIN  (  )  {  GET  (  ident  ,  ident  )  ;  }  <EOT> 