 CONST  ident  =  number  ;  TYPE  ident  =  INT  ;  TYPE  ident  =  ARRAY  number  OF  ident  ;  VOID  ident  (  )  {  VAR  ident  ,  ident  ,  ident  :  ident  ;  VAR  ident  :  INT  ;  INT  ident  (  )  {  RETURN  ident  *  ident  ;  }  ident  =  number  ;  WHILE  (  ident  <  ident  )  {  ident  [  ident  ]  =  :  :  ident  (  )  ;  }  }  MAIN  (  )  {  :  :  ident  (  )  ;  }  <EOT> 