 MAIN  (  )  {  ident  =  ident  +  (  ident  -  number  )  *  ident  +  (  (  (  (  ident  +  ident  [  (  (  ident  *  ident  )  -  number  )  +  ident  ]  )  *  number  )  *  ident  +  number  )  /  ident  )  ;  }  <EOT> 