program
   procedureDeclarations
      retType
      procedureFormalParams
         type
         type
         type
      statementSequence
         statement
            ifStatement
               condition
                  expression
                     term
                        factor
                           designator
                  expression
                     term
                        factor
                           designator
               statementSequence
                  statement
                     output
                        parameters
                           designator
               statementSequence
                  statement
                     output
                        parameters
                           designator
         statement
            returnStatement
               expression
                  term
                     factor
                        procedureCall
                           parameters
                              designator
                              designator
                              designator
   statementSequence
      statement
         assignment
            designator
            expression
               term
                  factor
                     procedureCall
                        parameters
                           designator
                           designator
                           designator
      statement
         output
            parameters
               designator
