program
   statementSequence
      statement
         whileStatement
            condition
               expression
                  term
                     factor
                        designator
               expression
                  term
                     factor
                        designator
                           expression
                              term
                                 factor
            statementSequence
               statement
                  assignment
                     designator
                        expression
                           term
                              factor
                     expression
                        term
                           factor
                              designator
                                 expression
                                    term
                                       factor
                        term
                           factor
                              designator
                                 expression
                                    term
                                       factor
                                          designator
                                             expression
                                                term
                                                   factor
