program
   declarations
      newType
         type
   statementSequence
      statement
         assignment
            designator
               expression
                  term
                     factor
            expression
               term
                  factor
                     designator
                        expression
                           term
                              factor
               term
                  factor
                     designator
                        expression
                           term
                              factor
               term
                  factor
                     designator
                        expression
                           term
                              factor
                  factor
                  factor
      statement
         output
            parameters
               designator
