program
   statementSequence
      statement
         assignment
            designator
            expression
               term
                  factor
