program
   declarations
      newType
         type
   procedureDeclarations
      retType
      declarations
      statementSequence
         statement
            assignment
               designator
               expression
                  term
                     factor
                        designator
Error: ==
